
Circuit 1 cell nfet_03v3 and Circuit 2 cell nfet_03v3 are black boxes.
Warning: Equate pins:  cell nfet_03v3 is a placeholder, treated as a black box.
Warning: Equate pins:  cell nfet_03v3 is a placeholder, treated as a black box.

Subcircuit pins:
Circuit 1: nfet_03v3                       |Circuit 2: nfet_03v3                       
-------------------------------------------|-------------------------------------------
1                                          |1                                          
2                                          |2                                          
3                                          |3                                          
4                                          |4                                          
---------------------------------------------------------------------------------------
Cell pin lists are equivalent.
Device classes nfet_03v3 and nfet_03v3 are equivalent.

Class mtest (0):  Merged 3 parallel devices.
Class mtest (1):  Merged 3 parallel devices.
Subcircuit summary:
Circuit 1: mtest                           |Circuit 2: mtest                           
-------------------------------------------|-------------------------------------------
nfet_03v3 (4->1)                           |nfet_03v3 (4->1)                           
Number of devices: 1                       |Number of devices: 1                       
Number of nets: 4                          |Number of nets: 4                          
---------------------------------------------------------------------------------------
Resolving symmetries by property value.
Resolving symmetries by pin name.
Netlists match uniquely.

Subcircuit pins:
Circuit 1: mtest                           |Circuit 2: mtest                           
-------------------------------------------|-------------------------------------------
G                                          |G                                          
S                                          |S                                          
D                                          |D                                          
B                                          |B                                          
---------------------------------------------------------------------------------------
Cell pin lists are equivalent.
Device classes mtest and mtest are equivalent.

Final result: Circuits match uniquely.
.
