Netgen 1.5.319 compiled on Wed May 13 07:54:38 PM CEST 2026
Warning: netgen command 'format' use fully-qualified name '::netgen::format'
Warning: netgen command 'global' use fully-qualified name '::netgen::global'
Reading netlist file p1_pair.spice for p1_pair.spice p1_pair
Call to undefined subcircuit pfet_03v3
Creating placeholder cell definition.
Call to undefined subcircuit nfet_03v3
Creating placeholder cell definition.
Reading netlist file p1_wrong_golden.spice for p1_wrong_golden.spice p1_pair
Call to undefined subcircuit pfet_03v3
Creating placeholder cell definition.
Call to undefined subcircuit nfet_03v3
Creating placeholder cell definition.

Reading setup file /foss/pdks/gf180mcuD/libs.tech/netgen/gf180mcuD_setup.tcl

Model nfet_03v3 pin 1 == 3
No property par1 found for device nfet_03v3
No property NRD found for device nfet_03v3
No property NRS found for device nfet_03v3
No property par found for device nfet_03v3
No property sa found for device nfet_03v3
No property sb found for device nfet_03v3
No property sd found for device nfet_03v3
No property par found for device nfet_03v3
No property dtemp found for device nfet_03v3
No property nf found for device nfet_03v3
No property $D found for device nfet_03v3
No property $X found for device nfet_03v3
No property $Y found for device nfet_03v3
Model nfet_03v3 pin 1 == 3
No property par1 found for device nfet_03v3
No property NRD found for device nfet_03v3
No property NRS found for device nfet_03v3
No property par found for device nfet_03v3
No property sa found for device nfet_03v3
No property sb found for device nfet_03v3
No property sd found for device nfet_03v3
No property par found for device nfet_03v3
No property dtemp found for device nfet_03v3
No property as found for device nfet_03v3
No property ad found for device nfet_03v3
No property ps found for device nfet_03v3
No property pd found for device nfet_03v3
No property $D found for device nfet_03v3
No property $X found for device nfet_03v3
No property $Y found for device nfet_03v3
Model pfet_03v3 pin 1 == 3
No property par1 found for device pfet_03v3
No property NRD found for device pfet_03v3
No property NRS found for device pfet_03v3
No property par found for device pfet_03v3
No property sa found for device pfet_03v3
No property sb found for device pfet_03v3
No property sd found for device pfet_03v3
No property par found for device pfet_03v3
No property dtemp found for device pfet_03v3
No property nf found for device pfet_03v3
No property $D found for device pfet_03v3
No property $X found for device pfet_03v3
No property $Y found for device pfet_03v3
Model pfet_03v3 pin 1 == 3
No property par1 found for device pfet_03v3
No property NRD found for device pfet_03v3
No property NRS found for device pfet_03v3
No property par found for device pfet_03v3
No property sa found for device pfet_03v3
No property sb found for device pfet_03v3
No property sd found for device pfet_03v3
No property par found for device pfet_03v3
No property dtemp found for device pfet_03v3
No property as found for device pfet_03v3
No property ad found for device pfet_03v3
No property ps found for device pfet_03v3
No property pd found for device pfet_03v3
No property $D found for device pfet_03v3
No property $X found for device pfet_03v3
No property $Y found for device pfet_03v3
Comparison output logged to file p1_wrong.comp.out
Logging to file "p1_wrong.comp.out" enabled
Circuit pfet_03v3 contains no devices.
Circuit nfet_03v3 contains no devices.

Contents of circuit 1:  Circuit: 'p1_pair'
Circuit p1_pair contains 2 device instances.
  Class: nfet_03v3             instances:   1
  Class: pfet_03v3             instances:   1
Circuit contains 8 nets.
Contents of circuit 2:  Circuit: 'p1_pair'
Circuit p1_pair contains 2 device instances.
  Class: nfet_03v3             instances:   1
  Class: pfet_03v3             instances:   1
Circuit contains 8 nets.

Circuit 1 contains 2 devices, Circuit 2 contains 2 devices.
Circuit 1 contains 8 nets,    Circuit 2 contains 8 nets.


Final result: 
Circuits match uniquely.
Property errors were found.

The following cells had property errors:
 p1_pair

Logging to file "p1_wrong.comp.out" disabled
LVS Done.
